// Jest Snapshot v1, https://goo.gl/fbAQLP

exports[`Ad render correctly 1`] = `
<ad
  unit-id="id"
/>
`;
