// Jest Snapshot v1, https://goo.gl/fbAQLP

exports[`Input render correctly 1`] = `
<input
  bindblur={[Function]}
  bindfocus={[Function]}
  bindinput={[Function]}
  bindtap={[Function]}
  focus={false}
  maxlength={140}
  selection-end={999}
  selection-start={999}
  type="text"
  value=""
/>
`;
