// Jest Snapshot v1, https://goo.gl/fbAQLP

exports[`Swiper render correctly 1`] = `
<swiper
  autoplay={false}
  bindchange={[Function]}
  circular={false}
  current={0}
  display-multiple-items={1}
  duration={500}
  easing-function="default"
  indicator-active-color="#000000"
  indicator-color="rgba(0, 0, 0, .3)"
  indicator-dots={false}
  interval={5000}
  next-margin="0px"
  previous-margin="0px"
  skip-hidden-item-layout={false}
  vertical={false}
/>
`;
