// Jest Snapshot v1, https://goo.gl/fbAQLP

exports[`TextArea render correctly 1`] = `
<textarea
  className="class"
  fixed={false}
  focus={false}
  maxlength={-1}
  onBlur={[Function]}
  onClick={[Function]}
  onFocus={[Function]}
  onInput={[Function]}
  selectionEnd={999}
  selectionStart={999}
  value=""
/>
`;
