// Jest Snapshot v1, https://goo.gl/fbAQLP

exports[`Video render correctly 1`] = `
<video
  auto-pause-if-navigate={true}
  auto-pause-if-open-native={true}
  autoplay={false}
  controls={true}
  danmu-btn={false}
  enable-danmu={false}
  enable-play-gesture={false}
  enable-progress-gesture={true}
  initial-time={0}
  loop={false}
  muted={false}
  object-fit="contain"
  page-gesture={false}
  play-btn-position="bottom"
  show-center-play-btn={true}
  show-fullscreen-btn={true}
  show-mute-btn={false}
  show-play-btn={true}
  show-progress={true}
  src="video-src"
  vslide-gesture={false}
  vslide-gesture-in-fullscreen={true}
/>
`;
