// Jest Snapshot v1, https://goo.gl/fbAQLP

exports[`propsAlias transform style prop correctly 1`] = `
Object {
  "style": "color:#ffffff;",
}
`;
