// Jest Snapshot v1, https://goo.gl/fbAQLP

exports[`View render correctly 1`] = `
<view
  catchTap={[Function]}
  class="class"
  onAnimationStart={[Function]}
>
  view
</view>
`;
